<?xml version="1.0" encoding="utf-8"?>
<TestRun id="48030c2e-c96e-4b6e-a580-29fe5e370f61" name="Dev@VM-DEV-NEW 2026-05-31 08:34:38" runUser="VM-DEV-NEW\Dev" xmlns="http://microsoft.com/schemas/VisualStudio/TeamTest/2010">
  <Times creation="2026-05-31T08:34:38.6699916-03:00" queuing="2026-05-31T08:34:38.6699918-03:00" start="2026-05-31T08:34:37.6713912-03:00" finish="2026-05-31T08:34:38.6824702-03:00" />
  <TestSettings name="default" id="fd3a3716-d1f1-4501-81f7-43d56b2e72ba">
    <Deployment runDeploymentRoot="Dev_VM-DEV-NEW_2026-05-31_08_34_38" />
  </TestSettings>
  <Results>
    <UnitTestResult executionId="465f93e4-ca27-48ad-b44f-b3d435c75550" testId="bf8016ff-650b-bc1f-c0e3-b96cea5914db" testName="NeoReports.AspNetCore.IntegrationTests.EndpointsTests.Async_run_goes_queued_to_completed_and_downloads" computerName="VM-DEV-NEW" duration="00:00:00.0420966" startTime="2026-05-31T08:34:38.4837092-03:00" endTime="2026-05-31T08:34:38.5382202-03:00" testType="13cdc9d9-ddb5-4fa4-a97d-d965ccfc6d4b" outcome="Failed" testListId="8c84fa94-04c1-424b-9868-57a2d4851a1d" relativeResultsDirectory="465f93e4-ca27-48ad-b44f-b3d435c75550">
      <Output>
        <ErrorInfo>
          <Message>System.InvalidOperationException : The requested operation requires an element of type 'String', but the target element has type 'Number'.</Message>
          <StackTrace>   at System.Text.Json.ThrowHelper.ThrowJsonElementWrongTypeException(JsonTokenType expectedType, JsonTokenType actualType)&#xD;
   at System.Text.Json.JsonDocument.GetString(Int32 index, JsonTokenType expectedType)&#xD;
   at NeoReports.AspNetCore.IntegrationTests.EndpointsTests.Async_run_goes_queued_to_completed_and_downloads() in C:\repos\thiagoluga\NeoReports\tests\NeoReports.AspNetCore.IntegrationTests\EndpointsTests.cs:line 54&#xD;
--- End of stack trace from previous location ---</StackTrace>
        </ErrorInfo>
      </Output>
    </UnitTestResult>
    <UnitTestResult executionId="562b86cc-d53f-4b86-8c08-4590af17adf0" testId="27f3a6f6-2b75-402a-6483-ebe4dbb59421" testName="NeoReports.AspNetCore.IntegrationTests.EndpointsTests.Cancel_unknown_job_returns_404" computerName="VM-DEV-NEW" duration="00:00:00.0208160" startTime="2026-05-31T08:34:38.3662400-03:00" endTime="2026-05-31T08:34:38.3849867-03:00" testType="13cdc9d9-ddb5-4fa4-a97d-d965ccfc6d4b" outcome="Passed" testListId="8c84fa94-04c1-424b-9868-57a2d4851a1d" relativeResultsDirectory="562b86cc-d53f-4b86-8c08-4590af17adf0" />
    <UnitTestResult executionId="be324cba-14d5-4312-8f96-32aeb47feaa7" testId="beb2c331-390a-ede7-25b1-33b7dfde5354" testName="NeoReports.AspNetCore.IntegrationTests.EndpointsTests.Sync_run_rejects_multi_output_with_400" computerName="VM-DEV-NEW" duration="00:00:00.1322158" startTime="2026-05-31T08:34:38.2239870-03:00" endTime="2026-05-31T08:34:38.3614265-03:00" testType="13cdc9d9-ddb5-4fa4-a97d-d965ccfc6d4b" outcome="Passed" testListId="8c84fa94-04c1-424b-9868-57a2d4851a1d" relativeResultsDirectory="be324cba-14d5-4312-8f96-32aeb47feaa7" />
    <UnitTestResult executionId="541de949-fdbf-41b0-a393-5920bd8e1636" testId="2f5884fd-bc75-a279-b5aa-70453165d312" testName="NeoReports.AspNetCore.IntegrationTests.EndpointsTests.List_reports_returns_registered_report" computerName="VM-DEV-NEW" duration="00:00:00.0206851" startTime="2026-05-31T08:34:38.4433707-03:00" endTime="2026-05-31T08:34:38.4655798-03:00" testType="13cdc9d9-ddb5-4fa4-a97d-d965ccfc6d4b" outcome="Passed" testListId="8c84fa94-04c1-424b-9868-57a2d4851a1d" relativeResultsDirectory="541de949-fdbf-41b0-a393-5920bd8e1636" />
    <UnitTestResult executionId="08583d20-196b-4e30-826d-bd5b6bede315" testId="34fe808e-94ca-c2b9-a642-a00161ca8030" testName="NeoReports.AspNetCore.IntegrationTests.EndpointsTests.Run_unknown_report_returns_404" computerName="VM-DEV-NEW" duration="00:00:00.0150551" startTime="2026-05-31T08:34:38.5529081-03:00" endTime="2026-05-31T08:34:38.5705321-03:00" testType="13cdc9d9-ddb5-4fa4-a97d-d965ccfc6d4b" outcome="Passed" testListId="8c84fa94-04c1-424b-9868-57a2d4851a1d" relativeResultsDirectory="08583d20-196b-4e30-826d-bd5b6bede315" />
    <UnitTestResult executionId="ac5df2be-4f58-43b1-a801-a0bfc76269a3" testId="b6fd5f51-5e8d-9ad7-f9c0-23d0eb386522" testName="NeoReports.AspNetCore.IntegrationTests.EndpointsTests.Download_before_completion_returns_conflict_or_notfound" computerName="VM-DEV-NEW" duration="00:00:00.0163462" startTime="2026-05-31T08:34:38.4659649-03:00" endTime="2026-05-31T08:34:38.4833120-03:00" testType="13cdc9d9-ddb5-4fa4-a97d-d965ccfc6d4b" outcome="Passed" testListId="8c84fa94-04c1-424b-9868-57a2d4851a1d" relativeResultsDirectory="ac5df2be-4f58-43b1-a801-a0bfc76269a3" />
    <UnitTestResult executionId="86b06188-2d3b-4f4c-bc87-b2926d01c4ab" testId="a1e6527f-0ed9-3add-1447-b22065751e50" testName="NeoReports.AspNetCore.IntegrationTests.EndpointsTests.Sync_run_streams_single_output_with_content_disposition" computerName="VM-DEV-NEW" duration="00:00:00.0576620" startTime="2026-05-31T08:34:38.3858806-03:00" endTime="2026-05-31T08:34:38.4432241-03:00" testType="13cdc9d9-ddb5-4fa4-a97d-d965ccfc6d4b" outcome="Passed" testListId="8c84fa94-04c1-424b-9868-57a2d4851a1d" relativeResultsDirectory="86b06188-2d3b-4f4c-bc87-b2926d01c4ab" />
    <UnitTestResult executionId="a11d8c9d-ada7-4666-8de2-98f0334f8c02" testId="c0505855-e030-09a3-94cb-902d0aa1fcf2" testName="NeoReports.AspNetCore.IntegrationTests.EndpointsTests.Get_unknown_job_returns_404" computerName="VM-DEV-NEW" duration="00:00:00.0131319" startTime="2026-05-31T08:34:38.5434449-03:00" endTime="2026-05-31T08:34:38.5525209-03:00" testType="13cdc9d9-ddb5-4fa4-a97d-d965ccfc6d4b" outcome="Passed" testListId="8c84fa94-04c1-424b-9868-57a2d4851a1d" relativeResultsDirectory="a11d8c9d-ada7-4666-8de2-98f0334f8c02" />
  </Results>
  <TestDefinitions>
    <UnitTest name="NeoReports.AspNetCore.IntegrationTests.EndpointsTests.Sync_run_streams_single_output_with_content_disposition" storage="c:\repos\thiagoluga\neoreports\tests\neoreports.aspnetcore.integrationtests\bin\release\net8.0\neoreports.aspnetcore.integrationtests.dll" id="a1e6527f-0ed9-3add-1447-b22065751e50">
      <Execution id="86b06188-2d3b-4f4c-bc87-b2926d01c4ab" />
      <TestMethod codeBase="C:\repos\thiagoluga\NeoReports\tests\NeoReports.AspNetCore.IntegrationTests\bin\Release\net8.0\NeoReports.AspNetCore.IntegrationTests.dll" adapterTypeName="executor://xunit/VsTestRunner3/netcore/" className="NeoReports.AspNetCore.IntegrationTests.EndpointsTests" name="Sync_run_streams_single_output_with_content_disposition" />
    </UnitTest>
    <UnitTest name="NeoReports.AspNetCore.IntegrationTests.EndpointsTests.Get_unknown_job_returns_404" storage="c:\repos\thiagoluga\neoreports\tests\neoreports.aspnetcore.integrationtests\bin\release\net8.0\neoreports.aspnetcore.integrationtests.dll" id="c0505855-e030-09a3-94cb-902d0aa1fcf2">
      <Execution id="a11d8c9d-ada7-4666-8de2-98f0334f8c02" />
      <TestMethod codeBase="C:\repos\thiagoluga\NeoReports\tests\NeoReports.AspNetCore.IntegrationTests\bin\Release\net8.0\NeoReports.AspNetCore.IntegrationTests.dll" adapterTypeName="executor://xunit/VsTestRunner3/netcore/" className="NeoReports.AspNetCore.IntegrationTests.EndpointsTests" name="Get_unknown_job_returns_404" />
    </UnitTest>
    <UnitTest name="NeoReports.AspNetCore.IntegrationTests.EndpointsTests.Async_run_goes_queued_to_completed_and_downloads" storage="c:\repos\thiagoluga\neoreports\tests\neoreports.aspnetcore.integrationtests\bin\release\net8.0\neoreports.aspnetcore.integrationtests.dll" id="bf8016ff-650b-bc1f-c0e3-b96cea5914db">
      <Execution id="465f93e4-ca27-48ad-b44f-b3d435c75550" />
      <TestMethod codeBase="C:\repos\thiagoluga\NeoReports\tests\NeoReports.AspNetCore.IntegrationTests\bin\Release\net8.0\NeoReports.AspNetCore.IntegrationTests.dll" adapterTypeName="executor://xunit/VsTestRunner3/netcore/" className="NeoReports.AspNetCore.IntegrationTests.EndpointsTests" name="Async_run_goes_queued_to_completed_and_downloads" />
    </UnitTest>
    <UnitTest name="NeoReports.AspNetCore.IntegrationTests.EndpointsTests.Sync_run_rejects_multi_output_with_400" storage="c:\repos\thiagoluga\neoreports\tests\neoreports.aspnetcore.integrationtests\bin\release\net8.0\neoreports.aspnetcore.integrationtests.dll" id="beb2c331-390a-ede7-25b1-33b7dfde5354">
      <Execution id="be324cba-14d5-4312-8f96-32aeb47feaa7" />
      <TestMethod codeBase="C:\repos\thiagoluga\NeoReports\tests\NeoReports.AspNetCore.IntegrationTests\bin\Release\net8.0\NeoReports.AspNetCore.IntegrationTests.dll" adapterTypeName="executor://xunit/VsTestRunner3/netcore/" className="NeoReports.AspNetCore.IntegrationTests.EndpointsTests" name="Sync_run_rejects_multi_output_with_400" />
    </UnitTest>
    <UnitTest name="NeoReports.AspNetCore.IntegrationTests.EndpointsTests.Cancel_unknown_job_returns_404" storage="c:\repos\thiagoluga\neoreports\tests\neoreports.aspnetcore.integrationtests\bin\release\net8.0\neoreports.aspnetcore.integrationtests.dll" id="27f3a6f6-2b75-402a-6483-ebe4dbb59421">
      <Execution id="562b86cc-d53f-4b86-8c08-4590af17adf0" />
      <TestMethod codeBase="C:\repos\thiagoluga\NeoReports\tests\NeoReports.AspNetCore.IntegrationTests\bin\Release\net8.0\NeoReports.AspNetCore.IntegrationTests.dll" adapterTypeName="executor://xunit/VsTestRunner3/netcore/" className="NeoReports.AspNetCore.IntegrationTests.EndpointsTests" name="Cancel_unknown_job_returns_404" />
    </UnitTest>
    <UnitTest name="NeoReports.AspNetCore.IntegrationTests.EndpointsTests.Download_before_completion_returns_conflict_or_notfound" storage="c:\repos\thiagoluga\neoreports\tests\neoreports.aspnetcore.integrationtests\bin\release\net8.0\neoreports.aspnetcore.integrationtests.dll" id="b6fd5f51-5e8d-9ad7-f9c0-23d0eb386522">
      <Execution id="ac5df2be-4f58-43b1-a801-a0bfc76269a3" />
      <TestMethod codeBase="C:\repos\thiagoluga\NeoReports\tests\NeoReports.AspNetCore.IntegrationTests\bin\Release\net8.0\NeoReports.AspNetCore.IntegrationTests.dll" adapterTypeName="executor://xunit/VsTestRunner3/netcore/" className="NeoReports.AspNetCore.IntegrationTests.EndpointsTests" name="Download_before_completion_returns_conflict_or_notfound" />
    </UnitTest>
    <UnitTest name="NeoReports.AspNetCore.IntegrationTests.EndpointsTests.Run_unknown_report_returns_404" storage="c:\repos\thiagoluga\neoreports\tests\neoreports.aspnetcore.integrationtests\bin\release\net8.0\neoreports.aspnetcore.integrationtests.dll" id="34fe808e-94ca-c2b9-a642-a00161ca8030">
      <Execution id="08583d20-196b-4e30-826d-bd5b6bede315" />
      <TestMethod codeBase="C:\repos\thiagoluga\NeoReports\tests\NeoReports.AspNetCore.IntegrationTests\bin\Release\net8.0\NeoReports.AspNetCore.IntegrationTests.dll" adapterTypeName="executor://xunit/VsTestRunner3/netcore/" className="NeoReports.AspNetCore.IntegrationTests.EndpointsTests" name="Run_unknown_report_returns_404" />
    </UnitTest>
    <UnitTest name="NeoReports.AspNetCore.IntegrationTests.EndpointsTests.List_reports_returns_registered_report" storage="c:\repos\thiagoluga\neoreports\tests\neoreports.aspnetcore.integrationtests\bin\release\net8.0\neoreports.aspnetcore.integrationtests.dll" id="2f5884fd-bc75-a279-b5aa-70453165d312">
      <Execution id="541de949-fdbf-41b0-a393-5920bd8e1636" />
      <TestMethod codeBase="C:\repos\thiagoluga\NeoReports\tests\NeoReports.AspNetCore.IntegrationTests\bin\Release\net8.0\NeoReports.AspNetCore.IntegrationTests.dll" adapterTypeName="executor://xunit/VsTestRunner3/netcore/" className="NeoReports.AspNetCore.IntegrationTests.EndpointsTests" name="List_reports_returns_registered_report" />
    </UnitTest>
  </TestDefinitions>
  <TestEntries>
    <TestEntry testId="bf8016ff-650b-bc1f-c0e3-b96cea5914db" executionId="465f93e4-ca27-48ad-b44f-b3d435c75550" testListId="8c84fa94-04c1-424b-9868-57a2d4851a1d" />
    <TestEntry testId="27f3a6f6-2b75-402a-6483-ebe4dbb59421" executionId="562b86cc-d53f-4b86-8c08-4590af17adf0" testListId="8c84fa94-04c1-424b-9868-57a2d4851a1d" />
    <TestEntry testId="beb2c331-390a-ede7-25b1-33b7dfde5354" executionId="be324cba-14d5-4312-8f96-32aeb47feaa7" testListId="8c84fa94-04c1-424b-9868-57a2d4851a1d" />
    <TestEntry testId="2f5884fd-bc75-a279-b5aa-70453165d312" executionId="541de949-fdbf-41b0-a393-5920bd8e1636" testListId="8c84fa94-04c1-424b-9868-57a2d4851a1d" />
    <TestEntry testId="34fe808e-94ca-c2b9-a642-a00161ca8030" executionId="08583d20-196b-4e30-826d-bd5b6bede315" testListId="8c84fa94-04c1-424b-9868-57a2d4851a1d" />
    <TestEntry testId="b6fd5f51-5e8d-9ad7-f9c0-23d0eb386522" executionId="ac5df2be-4f58-43b1-a801-a0bfc76269a3" testListId="8c84fa94-04c1-424b-9868-57a2d4851a1d" />
    <TestEntry testId="a1e6527f-0ed9-3add-1447-b22065751e50" executionId="86b06188-2d3b-4f4c-bc87-b2926d01c4ab" testListId="8c84fa94-04c1-424b-9868-57a2d4851a1d" />
    <TestEntry testId="c0505855-e030-09a3-94cb-902d0aa1fcf2" executionId="a11d8c9d-ada7-4666-8de2-98f0334f8c02" testListId="8c84fa94-04c1-424b-9868-57a2d4851a1d" />
  </TestEntries>
  <TestLists>
    <TestList name="Results Not in a List" id="8c84fa94-04c1-424b-9868-57a2d4851a1d" />
    <TestList name="All Loaded Results" id="19431567-8539-422a-85d7-44ee4e166bda" />
  </TestLists>
  <ResultSummary outcome="Failed">
    <Counters total="8" executed="8" passed="7" failed="1" error="0" timeout="0" aborted="0" inconclusive="0" passedButRunAborted="0" notRunnable="0" notExecuted="0" disconnected="0" warning="0" completed="0" inProgress="0" pending="0" />
    <Output>
      <StdOut>[xUnit.net 00:00:00.00] xUnit.net VSTest Adapter v3.1.5+1b188a7b0a (64-bit .NET 8.0.27)&#xD;
[xUnit.net 00:00:00.05]   Discovering: NeoReports.AspNetCore.IntegrationTests&#xD;
[xUnit.net 00:00:00.09]   Discovered:  NeoReports.AspNetCore.IntegrationTests&#xD;
[xUnit.net 00:00:00.10]   Starting:    NeoReports.AspNetCore.IntegrationTests&#xD;
[xUnit.net 00:00:00.43]       System.InvalidOperationException : The requested operation requires an element of type 'String', but the target element has type 'Number'.&#xD;
[xUnit.net 00:00:00.43]       Stack Trace:&#xD;
[xUnit.net 00:00:00.43]            at System.Text.Json.ThrowHelper.ThrowJsonElementWrongTypeException(JsonTokenType expectedType, JsonTokenType actualType)&#xD;
[xUnit.net 00:00:00.43]            at System.Text.Json.JsonDocument.GetString(Int32 index, JsonTokenType expectedType)&#xD;
[xUnit.net 00:00:00.43]         C:\repos\thiagoluga\NeoReports\tests\NeoReports.AspNetCore.IntegrationTests\EndpointsTests.cs(54,0): at NeoReports.AspNetCore.IntegrationTests.EndpointsTests.Async_run_goes_queued_to_completed_and_downloads()&#xD;
[xUnit.net 00:00:00.43]         --- End of stack trace from previous location ---&#xD;
[xUnit.net 00:00:00.47]   Finished:    NeoReports.AspNetCore.IntegrationTests&#xD;
</StdOut>
    </Output>
    <RunInfos>
      <RunInfo computerName="VM-DEV-NEW" outcome="Error" timestamp="2026-05-31T08:34:38.5420800-03:00">
        <Text>[xUnit.net 00:00:00.43]     NeoReports.AspNetCore.IntegrationTests.EndpointsTests.Async_run_goes_queued_to_completed_and_downloads [FAIL]</Text>
      </RunInfo>
    </RunInfos>
  </ResultSummary>
</TestRun>